<?xml version="1.0" encoding="utf-8"?><testsuites><testsuite name="pytest" errors="0" failures="0" skipped="0" tests="1" time="0.070" timestamp="2023-11-01T16:36:04.025800" hostname="FRQ4K4WP26"><testcase classname="tests.test_dummy" name="test_dummy" time="0.000" /></testsuite></testsuites>